Archive member included to satisfy reference by file (symbol)

d:/st/stm32cubeide_1.1.0/stm32cubeide/plugins/com.st.stm32cube.ide.mcu.externaltools.gnu-tools-for-stm32.7-2018-q2-update.win32_1.0.0.201904181610/tools/bin/../lib/gcc/arm-none-eabi/7.3.1/../../../../arm-none-eabi/lib/thumb/v7-m\libc_nano.a(lib_a-errno.o)
                              Core/Src/syscalls.o (__errno)
d:/st/stm32cubeide_1.1.0/stm32cubeide/plugins/com.st.stm32cube.ide.mcu.externaltools.gnu-tools-for-stm32.7-2018-q2-update.win32_1.0.0.201904181610/tools/bin/../lib/gcc/arm-none-eabi/7.3.1/../../../../arm-none-eabi/lib/thumb/v7-m\libc_nano.a(lib_a-exit.o)
                              d:/st/stm32cubeide_1.1.0/stm32cubeide/plugins/com.st.stm32cube.ide.mcu.externaltools.gnu-tools-for-stm32.7-2018-q2-update.win32_1.0.0.201904181610/tools/bin/../lib/gcc/arm-none-eabi/7.3.1/../../../../arm-none-eabi/lib/thumb/v7-m/crt0.o (exit)
d:/st/stm32cubeide_1.1.0/stm32cubeide/plugins/com.st.stm32cube.ide.mcu.externaltools.gnu-tools-for-stm32.7-2018-q2-update.win32_1.0.0.201904181610/tools/bin/../lib/gcc/arm-none-eabi/7.3.1/../../../../arm-none-eabi/lib/thumb/v7-m\libc_nano.a(lib_a-impure.o)
                              d:/st/stm32cubeide_1.1.0/stm32cubeide/plugins/com.st.stm32cube.ide.mcu.externaltools.gnu-tools-for-stm32.7-2018-q2-update.win32_1.0.0.201904181610/tools/bin/../lib/gcc/arm-none-eabi/7.3.1/../../../../arm-none-eabi/lib/thumb/v7-m\libc_nano.a(lib_a-exit.o) (_global_impure_ptr)
d:/st/stm32cubeide_1.1.0/stm32cubeide/plugins/com.st.stm32cube.ide.mcu.externaltools.gnu-tools-for-stm32.7-2018-q2-update.win32_1.0.0.201904181610/tools/bin/../lib/gcc/arm-none-eabi/7.3.1/../../../../arm-none-eabi/lib/thumb/v7-m\libc_nano.a(lib_a-init.o)
                              d:/st/stm32cubeide_1.1.0/stm32cubeide/plugins/com.st.stm32cube.ide.mcu.externaltools.gnu-tools-for-stm32.7-2018-q2-update.win32_1.0.0.201904181610/tools/bin/../lib/gcc/arm-none-eabi/7.3.1/../../../../arm-none-eabi/lib/thumb/v7-m/crt0.o (__libc_init_array)
d:/st/stm32cubeide_1.1.0/stm32cubeide/plugins/com.st.stm32cube.ide.mcu.externaltools.gnu-tools-for-stm32.7-2018-q2-update.win32_1.0.0.201904181610/tools/bin/../lib/gcc/arm-none-eabi/7.3.1/../../../../arm-none-eabi/lib/thumb/v7-m\libc_nano.a(lib_a-memset.o)
                              d:/st/stm32cubeide_1.1.0/stm32cubeide/plugins/com.st.stm32cube.ide.mcu.externaltools.gnu-tools-for-stm32.7-2018-q2-update.win32_1.0.0.201904181610/tools/bin/../lib/gcc/arm-none-eabi/7.3.1/../../../../arm-none-eabi/lib/thumb/v7-m/crt0.o (memset)
d:/st/stm32cubeide_1.1.0/stm32cubeide/plugins/com.st.stm32cube.ide.mcu.externaltools.gnu-tools-for-stm32.7-2018-q2-update.win32_1.0.0.201904181610/tools/bin/../lib/gcc/arm-none-eabi/7.3.1/../../../../arm-none-eabi/lib/thumb/v7-m\libc_nano.a(lib_a-rand.o)
                              Core/Src/Snake.o (rand)
d:/st/stm32cubeide_1.1.0/stm32cubeide/plugins/com.st.stm32cube.ide.mcu.externaltools.gnu-tools-for-stm32.7-2018-q2-update.win32_1.0.0.201904181610/tools/bin/../lib/gcc/arm-none-eabi/7.3.1/../../../../arm-none-eabi/lib/thumb/v7-m\libc_nano.a(lib_a-malloc.o)
                              d:/st/stm32cubeide_1.1.0/stm32cubeide/plugins/com.st.stm32cube.ide.mcu.externaltools.gnu-tools-for-stm32.7-2018-q2-update.win32_1.0.0.201904181610/tools/bin/../lib/gcc/arm-none-eabi/7.3.1/../../../../arm-none-eabi/lib/thumb/v7-m\libc_nano.a(lib_a-rand.o) (malloc)
d:/st/stm32cubeide_1.1.0/stm32cubeide/plugins/com.st.stm32cube.ide.mcu.externaltools.gnu-tools-for-stm32.7-2018-q2-update.win32_1.0.0.201904181610/tools/bin/../lib/gcc/arm-none-eabi/7.3.1/../../../../arm-none-eabi/lib/thumb/v7-m\libc_nano.a(lib_a-nano-freer.o)
                              d:/st/stm32cubeide_1.1.0/stm32cubeide/plugins/com.st.stm32cube.ide.mcu.externaltools.gnu-tools-for-stm32.7-2018-q2-update.win32_1.0.0.201904181610/tools/bin/../lib/gcc/arm-none-eabi/7.3.1/../../../../arm-none-eabi/lib/thumb/v7-m\libc_nano.a(lib_a-malloc.o) (_free_r)
d:/st/stm32cubeide_1.1.0/stm32cubeide/plugins/com.st.stm32cube.ide.mcu.externaltools.gnu-tools-for-stm32.7-2018-q2-update.win32_1.0.0.201904181610/tools/bin/../lib/gcc/arm-none-eabi/7.3.1/../../../../arm-none-eabi/lib/thumb/v7-m\libc_nano.a(lib_a-nano-mallocr.o)
                              d:/st/stm32cubeide_1.1.0/stm32cubeide/plugins/com.st.stm32cube.ide.mcu.externaltools.gnu-tools-for-stm32.7-2018-q2-update.win32_1.0.0.201904181610/tools/bin/../lib/gcc/arm-none-eabi/7.3.1/../../../../arm-none-eabi/lib/thumb/v7-m\libc_nano.a(lib_a-malloc.o) (_malloc_r)
d:/st/stm32cubeide_1.1.0/stm32cubeide/plugins/com.st.stm32cube.ide.mcu.externaltools.gnu-tools-for-stm32.7-2018-q2-update.win32_1.0.0.201904181610/tools/bin/../lib/gcc/arm-none-eabi/7.3.1/../../../../arm-none-eabi/lib/thumb/v7-m\libc_nano.a(lib_a-sbrkr.o)
[...]
Memory Configuration

Name             Origin             Length             Attributes
RAM              0x0000000020000000 0x0000000000005000 xrw
FLASH            0x0000000008000000 0x0000000000010000 xr
*default*        0x0000000000000000 0xffffffffffffffff

Linker script and memory map

LOAD d:/st/stm32cubeide_1.1.0/stm32cubeide/plugins/com.st.stm32cube.ide.mcu.externaltools.gnu-tools-for-stm32.7-2018-q2-update.win32_1.0.0.201904181610/tools/bin/../lib/gcc/arm-none-eabi/7.3.1/thumb/v7-m/crti.o
LOAD d:/st/stm32cubeide_1.1.0/stm32cubeide/plugins/com.st.stm32cube.ide.mcu.externaltools.gnu-tools-for-stm32.7-2018-q2-update.win32_1.0.0.201904181610/tools/bin/../lib/gcc/arm-none-eabi/7.3.1/thumb/v7-m/crtbegin.o
LOAD d:/st/stm32cubeide_1.1.0/stm32cubeide/plugins/com.st.stm32cube.ide.mcu.externaltools.gnu-tools-for-stm32.7-2018-q2-update.win32_1.0.0.201904181610/tools/bin/../lib/gcc/arm-none-eabi/7.3.1/../../../../arm-none-eabi/lib/thumb/v7-m/crt0.o
LOAD Core/Src/RetrogamesLib.o
LOAD Core/Src/Snake.o
LOAD Core/Src/adc.o
LOAD Core/Src/gpio.o
LOAD Core/Src/main.o
LOAD Core/Src/max7219.o
LOAD Core/Src/spi.o
LOAD Core/Src/stm32f1xx_hal_msp.o
LOAD Core/Src/stm32f1xx_it.o
LOAD Core/Src/syscalls.o
LOAD Core/Src/sysmem.o
LOAD Core/Src/system_stm32f1xx.o
LOAD Core/Startup/startup_stm32f103c8tx.o
LOAD Drivers/STM32F1xx_HAL_Driver/Src/stm32f1xx_hal.o
LOAD Drivers/STM32F1xx_HAL_Driver/Src/stm32f1xx_hal_adc.o
LOAD Drivers/STM32F1xx_HAL_Driver/Src/stm32f1xx_hal_adc_ex.o
LOAD Drivers/STM32F1xx_HAL_Driver/Src/stm32f1xx_hal_cortex.o
LOAD Drivers/STM32F1xx_HAL_Driver/Src/stm32f1xx_hal_dma.o
LOAD Drivers/STM32F1xx_HAL_Driver/Src/stm32f1xx_hal_exti.o
LOAD Drivers/STM32F1xx_HAL_Driver/Src/stm32f1xx_hal_flash.o
LOAD Drivers/STM32F1xx_HAL_Driver/Src/stm32f1xx_hal_flash_ex.o
LOAD Drivers/STM32F1xx_HAL_Driver/Src/stm32f1xx_hal_gpio.o
LOAD Drivers/STM32F1xx_HAL_Driver/Src/stm32f1xx_hal_gpio_ex.o
LOAD Drivers/STM32F1xx_HAL_Driver/Src/stm32f1xx_hal_pwr.o
LOAD Drivers/STM32F1xx_HAL_Driver/Src/stm32f1xx_hal_rcc.o
LOAD Drivers/STM32F1xx_HAL_Driver/Src/stm32f1xx_hal_rcc_ex.o
LOAD Drivers/STM32F1xx_HAL_Driver/Src/stm32f1xx_hal_spi.o
LOAD Drivers/STM32F1xx_HAL_Driver/Src/stm32f1xx_hal_tim.o
LOAD Drivers/STM32F1xx_HAL_Driver/Src/stm32f1xx_hal_tim_ex.o
START GROUP
LOAD d:/st/stm32cubeide_1.1.0/stm32cubeide/plugins/com.st.stm32cube.ide.mcu.externaltools.gnu-tools-for-stm32.7-2018-q2-update.win32_1.0.0.201904181610/tools/bin/../lib/gcc/arm-none-eabi/7.3.1/../../../../arm-none-eabi/lib/thumb/v7-m\libc_nano.a
LOAD d:/st/stm32cubeide_1.1.0/stm32cubeide/plugins/com.st.stm32cube.ide.mcu.externaltools.gnu-tools-for-stm32.7-2018-q2-update.win32_1.0.0.201904181610/tools/bin/../lib/gcc/arm-none-eabi/7.3.1/../../../../arm-none-eabi/lib/thumb/v7-m\libm.a
END GROUP
START GROUP
LOAD d:/st/stm32cubeide_1.1.0/stm32cubeide/plugins/com.st.stm32cube.ide.mcu.externaltools.gnu-tools-for-stm32.7-2018-q2-update.win32_1.0.0.201904181610/tools/bin/../lib/gcc/arm-none-eabi/7.3.1/thumb/v7-m\libgcc.a
LOAD d:/st/stm32cubeide_1.1.0/stm32cubeide/plugins/com.st.stm32cube.ide.mcu.externaltools.gnu-tools-for-stm32.7-2018-q2-update.win32_1.0.0.201904181610/tools/bin/../lib/gcc/arm-none-eabi/7.3.1/../../../../arm-none-eabi/lib/thumb/v7-m\libc_nano.a
END GROUP
START GROUP
LOAD d:/st/stm32cubeide_1.1.0/stm32cubeide/plugins/com.st.stm32cube.ide.mcu.externaltools.gnu-tools-for-stm32.7-2018-q2-update.win32_1.0.0.201904181610/tools/bin/../lib/gcc/arm-none-eabi/7.3.1/thumb/v7-m\libgcc.a
LOAD d:/st/stm32cubeide_1.1.0/stm32cubeide/plugins/com.st.stm32cube.ide.mcu.externaltools.gnu-tools-for-stm32.7-2018-q2-update.win32_1.0.0.201904181610/tools/bin/../lib/gcc/arm-none-eabi/7.3.1/../../../../arm-none-eabi/lib/thumb/v7-m\libc_nano.a
LOAD d:/st/stm32cubeide_1.1.0/stm32cubeide/plugins/com.st.stm32cube.ide.mcu.externaltools.gnu-tools-for-stm32.7-2018-q2-update.win32_1.0.0.201904181610/tools/bin/../lib/gcc/arm-none-eabi/7.3.1/../../../../arm-none-eabi/lib/thumb/v7-m\libnosys.a
END GROUP
START GROUP
LOAD d:/st/stm32cubeide_1.1.0/stm32cubeide/plugins/com.st.stm32cube.ide.mcu.externaltools.gnu-tools-for-stm32.7-2018-q2-update.win32_1.0.0.201904181610/tools/bin/../lib/gcc/arm-none-eabi/7.3.1/thumb/v7-m\libgcc.a
LOAD d:/st/stm32cubeide_1.1.0/stm32cubeide/plugins/com.st.stm32cube.ide.mcu.externaltools.gnu-tools-for-stm32.7-2018-q2-update.win32_1.0.0.201904181610/tools/bin/../lib/gcc/arm-none-eabi/7.3.1/../../../../arm-none-eabi/lib/thumb/v7-m\libc_nano.a
LOAD d:/st/stm32cubeide_1.1.0/stm32cubeide/plugins/com.st.stm32cube.ide.mcu.externaltools.gnu-tools-for-stm32.7-2018-q2-update.win32_1.0.0.201904181610/tools/bin/../lib/gcc/arm-none-eabi/7.3.1/../../../../arm-none-eabi/lib/thumb/v7-m\libnosys.a
END GROUP
LOAD d:/st/stm32cubeide_1.1.0/stm32cubeide/plugins/com.st.stm32cube.ide.mcu.externaltools.gnu-tools-for-stm32.7-2018-q2-update.win32_1.0.0.201904181610/tools/bin/../lib/gcc/arm-none-eabi/7.3.1/thumb/v7-m/crtend.o
LOAD d:/st/stm32cubeide_1.1.0/stm32cubeide/plugins/com.st.stm32cube.ide.mcu.externaltools.gnu-tools-for-stm32.7-2018-q2-update.win32_1.0.0.201904181610/tools/bin/../lib/gcc/arm-none-eabi/7.3.1/thumb/v7-m/crtn.o
                0x0000000020005000                _estack = (ORIGIN (RAM) + LENGTH (RAM))
                0x0000000000000200                _Min_Heap_Size = 0x200
                0x0000000000000400                _Min_Stack_Size = 0x400

.isr_vector     0x0000000008000000      0x10c
                0x0000000008000000                . = ALIGN (0x4)
 *(.isr_vector)
 .isr_vector    0x0000000008000000      0x10c Core/Startup/startup_stm32f103c8tx.o
                0x0000000008000000                g_pfnVectors
                0x000000000800010c                . = ALIGN (0x4)

.text           0x000000000800010c     0x406c
                0x000000000800010c                . = ALIGN (0x4)
 *(.text)
 .text          0x000000000800010c       0x40 d:/st/stm32cubeide_1.1.0/stm32cubeide/plugins/com.st.stm32cube.ide.mcu.externaltools.gnu-tools-for-stm32.7-2018-q2-update.win32_1.0.0.201904181610/tools/bin/../lib/gcc/arm-none-eabi/7.3.1/thumb/v7-m/crtbegin.o
 *(.text*)
 .text.calibrate
                0x000000000800014c      0x128 Core/Src/RetrogamesLib.o
                0x000000000800014c                calibrate
 .text.waitJoystic
                0x0000000008000274       0x2c Core/Src/RetrogamesLib.o
                0x0000000008000274                waitJoystic
 .text.print_score
                0x00000000080002a0      0x2c4 Core/Src/RetrogamesLib.o
                0x00000000080002a0                print_score
 .text.win_msg  0x0000000008000564       0xf8 Core/Src/RetrogamesLib.o
                0x0000000008000564                win_msg
 .text.scanJoystick
                0x000000000800065c      0x148 Core/Src/RetrogamesLib.o
                0x000000000800065c                scanJoystick
 .text.SnakeLoop
                0x00000000080007a4      0x100 Core/Src/Snake.o
                0x00000000080007a4                SnakeLoop
 .text.SnakeScanJoystick
                0x00000000080008a4       0xa8 Core/Src/Snake.o
                0x00000000080008a4                SnakeScanJoystick
 .text.generateFood
                0x000000000800094c       0xe4 Core/Src/Snake.o
                0x000000000800094c                generateFood
 .text.fixEdge  0x0000000008000a30      0x2fc Core/Src/Snake.o
                0x0000000008000a30                fixEdge
 .text.initialize
                0x0000000008000d2c      0x104 Core/Src/Snake.o
                0x0000000008000d2c                initialize
 .text.calculateSnake
                0x0000000008000e30      0x398 Core/Src/Snake.o
                0x0000000008000e30                calculateSnake
 .text.handleGameStates
                0x00000000080011c8      0x144 Core/Src/Snake.o
                0x00000000080011c8                handleGameStates
 .text.unrollSnake
                0x000000000800130c      0x184 Core/Src/Snake.o
                0x000000000800130c                unrollSnake
 .text.SnakeSetup
                0x0000000008001490       0x10 Core/Src/Snake.o
                0x0000000008001490                SnakeSetup
 .text.MX_ADC1_Init
                0x00000000080014a0       0x7c Core/Src/adc.o
                0x00000000080014a0                MX_ADC1_Init
 .text.MX_ADC2_Init
                0x000000000800151c       0x7c Core/Src/adc.o
                0x000000000800151c                MX_ADC2_Init
 .text.HAL_ADC_MspInit
                0x0000000008001598       0xec Core/Src/adc.o
                0x0000000008001598                HAL_ADC_MspInit
 .text.MX_GPIO_Init
                0x0000000008001684       0xb0 Core/Src/gpio.o
                0x0000000008001684                MX_GPIO_Init
 .text.main     0x0000000008001734       0x3e Core/Src/main.o
                0x0000000008001734                main
 .text.SystemClock_Config
                0x0000000008001772       0xb6 Core/Src/main.o
                0x0000000008001772                SystemClock_Config
 .text.Error_Handler
                0x0000000008001828        0xc Core/Src/main.o
                0x0000000008001828                Error_Handler
 .text.matrixSetup
                0x0000000008001834       0xcc Core/Src/max7219.o
                0x0000000008001834                matrixSetup
 .text.shutdown
                0x0000000008001900       0x58 Core/Src/max7219.o
                0x0000000008001900                shutdown
 .text.setScanLimit
                0x0000000008001958       0x54 Core/Src/max7219.o
                0x0000000008001958                setScanLimit
 .text.setIntensity
                0x00000000080019ac       0x54 Core/Src/max7219.o
                0x00000000080019ac                setIntensity
 .text.clearDisplay
                0x0000000008001a00       0x74 Core/Src/max7219.o
                0x0000000008001a00                clearDisplay
 .text.clearAllDisplay
                0x0000000008001a74       0x32 Core/Src/max7219.o
                0x0000000008001a74                clearAllDisplay
 *fill*         0x0000000008001aa6        0x2 
 .text.setLed   0x0000000008001aa8       0xb0 Core/Src/max7219.o
                0x0000000008001aa8                setLed
 .text.setLEDM  0x0000000008001b58       0xe6 Core/Src/max7219.o
                0x0000000008001b58                setLEDM
 *fill*         0x0000000008001c3e        0x2 
 .text.send     0x0000000008001c40       0x4c Core/Src/max7219.o
                0x0000000008001c40                send
 .text.sendAll  0x0000000008001c8c       0x32 Core/Src/max7219.o
                0x0000000008001c8c                sendAll
 *fill*         0x0000000008001cbe        0x2 
 .text.spiTransfer
                0x0000000008001cc0       0xb4 Core/Src/max7219.o
                0x0000000008001cc0                spiTransfer
 .text.MX_SPI1_Init
                0x0000000008001d74       0x6c Core/Src/spi.o
                0x0000000008001d74                MX_SPI1_Init
 .text.HAL_SPI_MspInit
                0x0000000008001de0       0x7c Core/Src/spi.o
                0x0000000008001de0                HAL_SPI_MspInit
 .text.HAL_MspInit
                0x0000000008001e5c       0x64 Core/Src/stm32f1xx_hal_msp.o
                0x0000000008001e5c                HAL_MspInit
 .text.NMI_Handler
                0x0000000008001ec0        0xc Core/Src/stm32f1xx_it.o
                0x0000000008001ec0                NMI_Handler
 .text.HardFault_Handler
                0x0000000008001ecc        0x6 Core/Src/stm32f1xx_it.o
                0x0000000008001ecc                HardFault_Handler
 .text.MemManage_Handler
                0x0000000008001ed2        0x6 Core/Src/stm32f1xx_it.o
                0x0000000008001ed2                MemManage_Handler
 .text.BusFault_Handler
                0x0000000008001ed8        0x6 Core/Src/stm32f1xx_it.o
                0x0000000008001ed8                BusFault_Handler
 .text.UsageFault_Handler
                0x0000000008001ede        0x6 Core/Src/stm32f1xx_it.o
                0x0000000008001ede                UsageFault_Handler
 .text.SVC_Handler
                0x0000000008001ee4        0xc Core/Src/stm32f1xx_it.o
                0x0000000008001ee4                SVC_Handler
 .text.DebugMon_Handler
                0x0000000008001ef0        0xc Core/Src/stm32f1xx_it.o
                0x0000000008001ef0                DebugMon_Handler
 .text.PendSV_Handler
                0x0000000008001efc        0xc Core/Src/stm32f1xx_it.o
                0x0000000008001efc                PendSV_Handler
 .text.SysTick_Handler
                0x0000000008001f08        0xc Core/Src/stm32f1xx_it.o
                0x0000000008001f08                SysTick_Handler
 .text.ADC1_2_IRQHandler
                0x0000000008001f14       0x1c Core/Src/stm32f1xx_it.o
                0x0000000008001f14                ADC1_2_IRQHandler
 .text._sbrk    0x0000000008001f30       0x58 Core/Src/sysmem.o
                0x0000000008001f30                _sbrk
 .text.SystemInit
                0x0000000008001f88       0x68 Core/Src/system_stm32f1xx.o
                0x0000000008001f88                SystemInit
 .text.Reset_Handler
                0x0000000008001ff0       0x48 Core/Startup/startup_stm32f103c8tx.o
                0x0000000008001ff0                Reset_Handler
 .text.Default_Handler
                0x0000000008002038        0x2 Core/Startup/startup_stm32f103c8tx.o
                0x0000000008002038                RTC_Alarm_IRQHandler
                0x0000000008002038                EXTI2_IRQHandler
                0x0000000008002038                TIM1_CC_IRQHandler
                0x0000000008002038                PVD_IRQHandler
                0x0000000008002038                EXTI3_IRQHandler
                0x0000000008002038                EXTI0_IRQHandler
                0x0000000008002038                I2C2_EV_IRQHandler
                0x0000000008002038                SPI1_IRQHandler
                0x0000000008002038                TAMPER_IRQHandler
                0x0000000008002038                DMA1_Channel4_IRQHandler
                0x0000000008002038                USART3_IRQHandler
                0x0000000008002038                RTC_IRQHandler
                0x0000000008002038                DMA1_Channel7_IRQHandler
                0x0000000008002038                CAN1_RX1_IRQHandler
                0x0000000008002038                TIM4_IRQHandler
                0x0000000008002038                I2C1_EV_IRQHandler
                0x0000000008002038                DMA1_Channel6_IRQHandler
                0x0000000008002038                TIM3_IRQHandler
                0x0000000008002038                RCC_IRQHandler
                0x0000000008002038                TIM1_TRG_COM_IRQHandler
                0x0000000008002038                DMA1_Channel1_IRQHandler
                0x0000000008002038                Default_Handler
                0x0000000008002038                EXTI15_10_IRQHandler
                0x0000000008002038                EXTI9_5_IRQHandler
                0x0000000008002038                SPI2_IRQHandler
                0x0000000008002038                DMA1_Channel5_IRQHandler
                0x0000000008002038                EXTI4_IRQHandler
                0x0000000008002038                USB_LP_CAN1_RX0_IRQHandler
                0x0000000008002038                USB_HP_CAN1_TX_IRQHandler
                0x0000000008002038                DMA1_Channel3_IRQHandler
                0x0000000008002038                TIM1_UP_IRQHandler
                0x0000000008002038                WWDG_IRQHandler
                0x0000000008002038                TIM2_IRQHandler
                0x0000000008002038                TIM1_BRK_IRQHandler
                0x0000000008002038                EXTI1_IRQHandler
                0x0000000008002038                USART2_IRQHandler
                0x0000000008002038                I2C2_ER_IRQHandler
                0x0000000008002038                DMA1_Channel2_IRQHandler
                0x0000000008002038                CAN1_SCE_IRQHandler
                0x0000000008002038                FLASH_IRQHandler
                0x0000000008002038                USART1_IRQHandler
                0x0000000008002038                I2C1_ER_IRQHandler
                0x0000000008002038                USBWakeUp_IRQHandler
 *fill*         0x000000000800203a        0x2 
 .text.HAL_Init
                0x000000000800203c       0x2c Drivers/STM32F1xx_HAL_Driver/Src/stm32f1xx_hal.o
                0x000000000800203c                HAL_Init
 .text.HAL_InitTick
                0x0000000008002068       0x60 Drivers/STM32F1xx_HAL_Driver/Src/stm32f1xx_hal.o
                0x0000000008002068                HAL_InitTick
 .text.HAL_IncTick
                0x00000000080020c8       0x24 Drivers/STM32F1xx_HAL_Driver/Src/stm32f1xx_hal.o
                0x00000000080020c8                HAL_IncTick
 .text.HAL_GetTick
                0x00000000080020ec       0x14 Drivers/STM32F1xx_HAL_Driver/Src/stm32f1xx_hal.o
                0x00000000080020ec                HAL_GetTick
 .text.HAL_Delay
                0x0000000008002100       0x44 Drivers/STM32F1xx_HAL_Driver/Src/stm32f1xx_hal.o
                0x0000000008002100                HAL_Delay
 .text.HAL_ADC_Init
                0x0000000008002144      0x1b0 Drivers/STM32F1xx_HAL_Driver/Src/stm32f1xx_hal_adc.o
                0x0000000008002144                HAL_ADC_Init
 .text.HAL_ADC_Start
                0x00000000080022f4      0x15c Drivers/STM32F1xx_HAL_Driver/Src/stm32f1xx_hal_adc.o
                0x00000000080022f4                HAL_ADC_Start
 .text.HAL_ADC_Stop
                0x0000000008002450       0x58 Drivers/STM32F1xx_HAL_Driver/Src/stm32f1xx_hal_adc.o
                0x0000000008002450                HAL_ADC_Stop
 .text.HAL_ADC_PollForConversion
                0x00000000080024a8      0x1f4 Drivers/STM32F1xx_HAL_Driver/Src/stm32f1xx_hal_adc.o
                0x00000000080024a8                HAL_ADC_PollForConversion
 .text.HAL_ADC_GetValue
                0x000000000800269c       0x18 Drivers/STM32F1xx_HAL_Driver/Src/stm32f1xx_hal_adc.o
                0x000000000800269c                HAL_ADC_GetValue
 .text.HAL_ADC_IRQHandler
                0x00000000080026b4      0x186 Drivers/STM32F1xx_HAL_Driver/Src/stm32f1xx_hal_adc.o
                0x00000000080026b4                HAL_ADC_IRQHandler
 .text.HAL_ADC_ConvCpltCallback
                0x000000000800283a       0x12 Drivers/STM32F1xx_HAL_Driver/Src/stm32f1xx_hal_adc.o
                0x000000000800283a                HAL_ADC_ConvCpltCallback
 .text.HAL_ADC_LevelOutOfWindowCallback
                0x000000000800284c       0x12 Drivers/STM32F1xx_HAL_Driver/Src/stm32f1xx_hal_adc.o
                0x000000000800284c                HAL_ADC_LevelOutOfWindowCallback
 *fill*         0x000000000800285e        0x2 
 .text.HAL_ADC_ConfigChannel
                0x0000000008002860      0x1f0 Drivers/STM32F1xx_HAL_Driver/Src/stm32f1xx_hal_adc.o
                0x0000000008002860                HAL_ADC_ConfigChannel
 .text.ADC_Enable
                0x0000000008002a50       0xa4 Drivers/STM32F1xx_HAL_Driver/Src/stm32f1xx_hal_adc.o
                0x0000000008002a50                ADC_Enable
 .text.ADC_ConversionStop_Disable
                0x0000000008002af4       0x74 Drivers/STM32F1xx_HAL_Driver/Src/stm32f1xx_hal_adc.o
                0x0000000008002af4                ADC_ConversionStop_Disable
 .text.HAL_ADCEx_InjectedConvCpltCallback
                0x0000000008002b68       0x12 Drivers/STM32F1xx_HAL_Driver/Src/stm32f1xx_hal_adc_ex.o
                0x0000000008002b68                HAL_ADCEx_InjectedConvCpltCallback
 *fill*         0x0000000008002b7a        0x2 
 .text.__NVIC_SetPriorityGrouping
                0x0000000008002b7c       0x48 Drivers/STM32F1xx_HAL_Driver/Src/stm32f1xx_hal_cortex.o
 .text.__NVIC_GetPriorityGrouping
                0x0000000008002bc4       0x1c Drivers/STM32F1xx_HAL_Driver/Src/stm32f1xx_hal_cortex.o
 .text.__NVIC_EnableIRQ
                0x0000000008002be0       0x38 Drivers/STM32F1xx_HAL_Driver/Src/stm32f1xx_hal_cortex.o
 .text.__NVIC_SetPriority
                0x0000000008002c18       0x54 Drivers/STM32F1xx_HAL_Driver/Src/stm32f1xx_hal_cortex.o
 .text.NVIC_EncodePriority
                0x0000000008002c6c       0x64 Drivers/STM32F1xx_HAL_Driver/Src/stm32f1xx_hal_cortex.o
 .text.SysTick_Config
                0x0000000008002cd0       0x44 Drivers/STM32F1xx_HAL_Driver/Src/stm32f1xx_hal_cortex.o
 .text.HAL_NVIC_SetPriorityGrouping
                0x0000000008002d14       0x16 Drivers/STM32F1xx_HAL_Driver/Src/stm32f1xx_hal_cortex.o
                0x0000000008002d14                HAL_NVIC_SetPriorityGrouping
 .text.HAL_NVIC_SetPriority
                0x0000000008002d2a       0x38 Drivers/STM32F1xx_HAL_Driver/Src/stm32f1xx_hal_cortex.o
                0x0000000008002d2a                HAL_NVIC_SetPriority
 .text.HAL_NVIC_EnableIRQ
                0x0000000008002d62       0x1c Drivers/STM32F1xx_HAL_Driver/Src/stm32f1xx_hal_cortex.o
                0x0000000008002d62                HAL_NVIC_EnableIRQ
 .text.HAL_SYSTICK_Config
                0x0000000008002d7e       0x18 Drivers/STM32F1xx_HAL_Driver/Src/stm32f1xx_hal_cortex.o
                0x0000000008002d7e                HAL_SYSTICK_Config
 *fill*         0x0000000008002d96        0x2 
 .text.HAL_GPIO_Init
                0x0000000008002d98      0x2b4 Drivers/STM32F1xx_HAL_Driver/Src/stm32f1xx_hal_gpio.o
                0x0000000008002d98                HAL_GPIO_Init
 .text.HAL_GPIO_WritePin
                0x000000000800304c       0x30 Drivers/STM32F1xx_HAL_Driver/Src/stm32f1xx_hal_gpio.o
                0x000000000800304c                HAL_GPIO_WritePin
 .text.HAL_RCC_OscConfig
                0x000000000800307c      0x500 Drivers/STM32F1xx_HAL_Driver/Src/stm32f1xx_hal_rcc.o
                0x000000000800307c                HAL_RCC_OscConfig
 .text.HAL_RCC_ClockConfig
                0x000000000800357c      0x1d4 Drivers/STM32F1xx_HAL_Driver/Src/stm32f1xx_hal_rcc.o
                0x000000000800357c                HAL_RCC_ClockConfig
 .text.HAL_RCC_GetSysClockFreq
                0x0000000008003750       0xc4 Drivers/STM32F1xx_HAL_Driver/Src/stm32f1xx_hal_rcc.o
                0x0000000008003750                HAL_RCC_GetSysClockFreq
 .text.HAL_RCC_GetHCLKFreq
                0x0000000008003814       0x14 Drivers/STM32F1xx_HAL_Driver/Src/stm32f1xx_hal_rcc.o
                0x0000000008003814                HAL_RCC_GetHCLKFreq
 .text.HAL_RCC_GetPCLK2Freq
                0x0000000008003828       0x28 Drivers/STM32F1xx_HAL_Driver/Src/stm32f1xx_hal_rcc.o
                0x0000000008003828                HAL_RCC_GetPCLK2Freq
 .text.RCC_Delay
                0x0000000008003850       0x3c Drivers/STM32F1xx_HAL_Driver/Src/stm32f1xx_hal_rcc.o
 .text.HAL_RCCEx_PeriphCLKConfig
                0x000000000800388c      0x16c Drivers/STM32F1xx_HAL_Driver/Src/stm32f1xx_hal_rcc_ex.o
                0x000000000800388c                HAL_RCCEx_PeriphCLKConfig
 .text.HAL_RCCEx_GetPeriphCLKFreq
                0x00000000080039f8      0x178 Drivers/STM32F1xx_HAL_Driver/Src/stm32f1xx_hal_rcc_ex.o
                0x00000000080039f8                HAL_RCCEx_GetPeriphCLKFreq
 .text.HAL_SPI_Init
                0x0000000008003b70       0xc2 Drivers/STM32F1xx_HAL_Driver/Src/stm32f1xx_hal_spi.o
                0x0000000008003b70                HAL_SPI_Init
 .text.HAL_SPI_Transmit
                0x0000000008003c32      0x268 Drivers/STM32F1xx_HAL_Driver/Src/stm32f1xx_hal_spi.o
                0x0000000008003c32                HAL_SPI_Transmit
 .text.SPI_WaitFlagStateUntilTimeout
                0x0000000008003e9a       0xd4 Drivers/STM32F1xx_HAL_Driver/Src/stm32f1xx_hal_spi.o
 .text.SPI_EndRxTxTransaction
                0x0000000008003f6e       0x3c Drivers/STM32F1xx_HAL_Driver/Src/stm32f1xx_hal_spi.o
 *fill*         0x0000000008003faa        0x2 
 .text.__errno  0x0000000008003fac        0xc d:/st/stm32cubeide_1.1.0/stm32cubeide/plugins/com.st.stm32cube.ide.mcu.externaltools.gnu-tools-for-stm32.7-2018-q2-update.win32_1.0.0.201904181610/tools/bin/../lib/gcc/arm-none-eabi/7.3.1/../../../../arm-none-eabi/lib/thumb/v7-m\libc_nano.a(lib_a-errno.o)
                0x0000000008003fac                __errno
 .text.__libc_init_array
                0x0000000008003fb8       0x48 d:/st/stm32cubeide_1.1.0/stm32cubeide/plugins/com.st.stm32cube.ide.mcu.externaltools.gnu-tools-for-stm32.7-2018-q2-update.win32_1.0.0.201904181610/tools/bin/../lib/gcc/arm-none-eabi/7.3.1/../../../../arm-none-eabi/lib/thumb/v7-m\libc_nano.a(lib_a-init.o)
                0x0000000008003fb8                __libc_init_array
 .text.memset   0x0000000008004000       0x10 d:/st/stm32cubeide_1.1.0/stm32cubeide/plugins/com.st.stm32cube.ide.mcu.externaltools.gnu-tools-for-stm32.7-2018-q2-update.win32_1.0.0.201904181610/tools/bin/../lib/gcc/arm-none-eabi/7.3.1/../../../../arm-none-eabi/lib/thumb/v7-m\libc_nano.a(lib_a-memset.o)
                0x0000000008004000                memset
 .text.rand     0x0000000008004010       0x68 d:/st/stm32cubeide_1.1.0/stm32cubeide/plugins/com.st.stm32cube.ide.mcu.externaltools.gnu-tools-for-stm32.7-2018-q2-update.win32_1.0.0.201904181610/tools/bin/../lib/gcc/arm-none-eabi/7.3.1/../../../../arm-none-eabi/lib/thumb/v7-m\libc_nano.a(lib_a-rand.o)
                0x0000000008004010                rand
 .text.malloc   0x0000000008004078       0x10 d:/st/stm32cubeide_1.1.0/stm32cubeide/plugins/com.st.stm32cube.ide.mcu.externaltools.gnu-tools-for-stm32.7-2018-q2-update.win32_1.0.0.201904181610/tools/bin/../lib/gcc/arm-none-eabi/7.3.1/../../../../arm-none-eabi/lib/thumb/v7-m\libc_nano.a(lib_a-malloc.o)
                0x0000000008004078                malloc
 .text._malloc_r
                0x0000000008004088       0xb4 d:/st/stm32cubeide_1.1.0/stm32cubeide/plugins/com.st.stm32cube.ide.mcu.externaltools.gnu-tools-for-stm32.7-2018-q2-update.win32_1.0.0.201904181610/tools/bin/../lib/gcc/arm-none-eabi/7.3.1/../../../../arm-none-eabi/lib/thumb/v7-m\libc_nano.a(lib_a-nano-mallocr.o)
                0x0000000008004088                _malloc_r
 .text._sbrk_r  0x000000000800413c       0x20 d:/st/stm32cubeide_1.1.0/stm32cubeide/plugins/com.st.stm32cube.ide.mcu.externaltools.gnu-tools-for-stm32.7-2018-q2-update.win32_1.0.0.201904181610/tools/bin/../lib/gcc/arm-none-eabi/7.3.1/../../../../arm-none-eabi/lib/thumb/v7-m\libc_nano.a(lib_a-sbrkr.o)
                0x000000000800413c                _sbrk_r
 .text.__malloc_lock
                0x000000000800415c        0x2 d:/st/stm32cubeide_1.1.0/stm32cubeide/plugins/com.st.stm32cube.ide.mcu.externaltools.gnu-tools-for-stm32.7-2018-q2-update.win32_1.0.0.201904181610/tools/bin/../lib/gcc/arm-none-eabi/7.3.1/../../../../arm-none-eabi/lib/thumb/v7-m\libc_nano.a(lib_a-mlock.o)
                0x000000000800415c                __malloc_lock
 .text.__malloc_unlock
                0x000000000800415e        0x2 d:/st/stm32cubeide_1.1.0/stm32cubeide/plugins/com.st.stm32cube.ide.mcu.externaltools.gnu-tools-for-stm32.7-2018-q2-update.win32_1.0.0.201904181610/tools/bin/../lib/gcc/arm-none-eabi/7.3.1/../../../../arm-none-eabi/lib/thumb/v7-m\libc_nano.a(lib_a-mlock.o)
                0x000000000800415e                __malloc_unlock
 *(.glue_7)
 .glue_7        0x0000000008004160        0x0 linker stubs
 *(.glue_7t)
 .glue_7t       0x0000000008004160        0x0 linker stubs
 *(.eh_frame)
 .eh_frame      0x0000000008004160        0x0 d:/st/stm32cubeide_1.1.0/stm32cubeide/plugins/com.st.stm32cube.ide.mcu.externaltools.gnu-tools-for-stm32.7-2018-q2-update.win32_1.0.0.201904181610/tools/bin/../lib/gcc/arm-none-eabi/7.3.1/thumb/v7-m/crtbegin.o
 *(.init)
 .init          0x0000000008004160        0x4 d:/st/stm32cubeide_1.1.0/stm32cubeide/plugins/com.st.stm32cube.ide.mcu.externaltools.gnu-tools-for-stm32.7-2018-q2-update.win32_1.0.0.201904181610/tools/bin/../lib/gcc/arm-none-eabi/7.3.1/thumb/v7-m/crti.o
                0x0000000008004160                _init
 .init          0x0000000008004164        0x8 d:/st/stm32cubeide_1.1.0/stm32cubeide/plugins/com.st.stm32cube.ide.mcu.externaltools.gnu-tools-for-stm32.7-2018-q2-update.win32_1.0.0.201904181610/tools/bin/../lib/gcc/arm-none-eabi/7.3.1/thumb/v7-m/crtn.o
 *(.fini)
 .fini          0x000000000800416c        0x4 d:/st/stm32cubeide_1.1.0/stm32cubeide/plugins/com.st.stm32cube.ide.mcu.externaltools.gnu-tools-for-stm32.7-2018-q2-update.win32_1.0.0.201904181610/tools/bin/../lib/gcc/arm-none-eabi/7.3.1/thumb/v7-m/crti.o
                0x000000000800416c                _fini
 .fini          0x0000000008004170        0x8 d:/st/stm32cubeide_1.1.0/stm32cubeide/plugins/com.st.stm32cube.ide.mcu.externaltools.gnu-tools-for-stm32.7-2018-q2-update.win32_1.0.0.201904181610/tools/bin/../lib/gcc/arm-none-eabi/7.3.1/thumb/v7-m/crtn.o
                0x0000000008004178                . = ALIGN (0x4)
                0x0000000008004178                _etext = .

.vfp11_veneer   0x0000000008004178        0x0
 .vfp11_veneer  0x0000000008004178        0x0 linker stubs

.v4_bx          0x0000000008004178        0x0
 .v4_bx         0x0000000008004178        0x0 linker stubs

.iplt           0x0000000008004178        0x0
 .iplt          0x0000000008004178        0x0 d:/st/stm32cubeide_1.1.0/stm32cubeide/plugins/com.st.stm32cube.ide.mcu.externaltools.gnu-tools-for-stm32.7-2018-q2-update.win32_1.0.0.201904181610/tools/bin/../lib/gcc/arm-none-eabi/7.3.1/thumb/v7-m/crtbegin.o

.rodata         0x0000000008004178      0x768
                0x0000000008004178                . = ALIGN (0x4)
 *(.rodata)
 .rodata        0x0000000008004178       0x12 Drivers/STM32F1xx_HAL_Driver/Src/stm32f1xx_hal_rcc.o
 *fill*         0x000000000800418a        0x2 
 .rodata        0x000000000800418c       0x12 Drivers/STM32F1xx_HAL_Driver/Src/stm32f1xx_hal_rcc_ex.o
 *(.rodata*)
 *fill*         0x000000000800419e        0x2 
 .rodata.digits
                0x00000000080041a0      0x280 Core/Src/RetrogamesLib.o
                0x00000000080041a0                digits
 .rodata.winMSG
                0x0000000008004420      0x2f0 Core/Src/RetrogamesLib.o
                0x0000000008004420                winMSG
 .rodata.scoreMessage
                0x0000000008004710      0x1b8 Core/Src/RetrogamesLib.o
                0x0000000008004710                scoreMessage
 .rodata.AHBPrescTable
                0x00000000080048c8       0x10 Core/Src/system_stm32f1xx.o
                0x00000000080048c8                AHBPrescTable
 .rodata.APBPrescTable
                0x00000000080048d8        0x8 Core/Src/system_stm32f1xx.o
                0x00000000080048d8                APBPrescTable
                0x00000000080048e0                . = ALIGN (0x4)

.rel.dyn        0x00000000080048e0        0x0
 .rel.iplt      0x00000000080048e0        0x0 d:/st/stm32cubeide_1.1.0/stm32cubeide/plugins/com.st.stm32cube.ide.mcu.externaltools.gnu-tools-for-stm32.7-2018-q2-update.win32_1.0.0.201904181610/tools/bin/../lib/gcc/arm-none-eabi/7.3.1/thumb/v7-m/crtbegin.o

.ARM.extab      0x00000000080048e0        0x0
                0x00000000080048e0                . = ALIGN (0x4)
 *(.ARM.extab* .gnu.linkonce.armextab.*)
                0x00000000080048e0                . = ALIGN (0x4)

.ARM            0x00000000080048e0        0x0
                0x00000000080048e0                . = ALIGN (0x4)
                0x00000000080048e0                __exidx_start = .
 *(.ARM.exidx*)
                0x00000000080048e0                __exidx_end = .
                0x00000000080048e0                . = ALIGN (0x4)

.preinit_array  0x00000000080048e0        0x0
                0x00000000080048e0                . = ALIGN (0x4)
                0x00000000080048e0                PROVIDE (__preinit_array_start = .)
 *(.preinit_array*)
                0x00000000080048e0                PROVIDE (__preinit_array_end = .)
                0x00000000080048e0                . = ALIGN (0x4)

.init_array     0x00000000080048e0        0x4
                0x00000000080048e0                . = ALIGN (0x4)
                0x00000000080048e0                PROVIDE (__init_array_start = .)
 *(SORT_BY_NAME(.init_array.*))
 *(.init_array*)
 .init_array    0x00000000080048e0        0x4 d:/st/stm32cubeide_1.1.0/stm32cubeide/plugins/com.st.stm32cube.ide.mcu.externaltools.gnu-tools-for-stm32.7-2018-q2-update.win32_1.0.0.201904181610/tools/bin/../lib/gcc/arm-none-eabi/7.3.1/thumb/v7-m/crtbegin.o
                0x00000000080048e4                PROVIDE (__init_array_end = .)
                0x00000000080048e4                . = ALIGN (0x4)

.fini_array     0x00000000080048e4        0x4
                0x00000000080048e4                . = ALIGN (0x4)
                [!provide]                        PROVIDE (__fini_array_start = .)
 *(SORT_BY_NAME(.fini_array.*))
 *(.fini_array*)
 .fini_array    0x00000000080048e4        0x4 d:/st/stm32cubeide_1.1.0/stm32cubeide/plugins/com.st.stm32cube.ide.mcu.externaltools.gnu-tools-for-stm32.7-2018-q2-update.win32_1.0.0.201904181610/tools/bin/../lib/gcc/arm-none-eabi/7.3.1/thumb/v7-m/crtbegin.o
                [!provide]                        PROVIDE (__fini_array_end = .)
                0x00000000080048e8                . = ALIGN (0x4)
                0x00000000080048e8                _sidata = LOADADDR (.data)

.data           0x0000000020000000       0x70 load address 0x00000000080048e8
                0x0000000020000000                . = ALIGN (0x4)
                0x0000000020000000                _sdata = .
 *(.data)
 *(.data*)
 .data.SystemCoreClock
                0x0000000020000000        0x4 Core/Src/system_stm32f1xx.o
                0x0000000020000000                SystemCoreClock
 .data.uwTickPrio
                0x0000000020000004        0x4 Drivers/STM32F1xx_HAL_Driver/Src/stm32f1xx_hal.o
                0x0000000020000004                uwTickPrio
 .data.uwTickFreq
                0x0000000020000008        0x1 Drivers/STM32F1xx_HAL_Driver/Src/stm32f1xx_hal.o
                0x0000000020000008                uwTickFreq
 *fill*         0x0000000020000009        0x3 
 .data._impure_ptr
                0x000000002000000c        0x4 d:/st/stm32cubeide_1.1.0/stm32cubeide/plugins/com.st.stm32cube.ide.mcu.externaltools.gnu-tools-for-stm32.7-2018-q2-update.win32_1.0.0.201904181610/tools/bin/../lib/gcc/arm-none-eabi/7.3.1/../../../../arm-none-eabi/lib/thumb/v7-m\libc_nano.a(lib_a-impure.o)
                0x000000002000000c                _impure_ptr
 .data.impure_data
                0x0000000020000010       0x60 d:/st/stm32cubeide_1.1.0/stm32cubeide/plugins/com.st.stm32cube.ide.mcu.externaltools.gnu-tools-for-stm32.7-2018-q2-update.win32_1.0.0.201904181610/tools/bin/../lib/gcc/arm-none-eabi/7.3.1/../../../../arm-none-eabi/lib/thumb/v7-m\libc_nano.a(lib_a-impure.o)
                0x0000000020000070                . = ALIGN (0x4)
                0x0000000020000070                _edata = .

.igot.plt       0x0000000020000070        0x0 load address 0x0000000008004958
 .igot.plt      0x0000000020000070        0x0 d:/st/stm32cubeide_1.1.0/stm32cubeide/plugins/com.st.stm32cube.ide.mcu.externaltools.gnu-tools-for-stm32.7-2018-q2-update.win32_1.0.0.201904181610/tools/bin/../lib/gcc/arm-none-eabi/7.3.1/thumb/v7-m/crtbegin.o
                0x0000000020000070                . = ALIGN (0x4)

.bss            0x0000000020000070      0x3c4 load address 0x0000000008004958
                0x0000000020000070                _sbss = .
                0x0000000020000070                __bss_start__ = _sbss
 *(.bss)
 .bss           0x0000000020000070       0x1c d:/st/stm32cubeide_1.1.0/stm32cubeide/plugins/com.st.stm32cube.ide.mcu.externaltools.gnu-tools-for-stm32.7-2018-q2-update.win32_1.0.0.201904181610/tools/bin/../lib/gcc/arm-none-eabi/7.3.1/thumb/v7-m/crtbegin.o
 *(.bss*)
 .bss.joystickHome1
                0x000000002000008c        0x8 Core/Src/RetrogamesLib.o
                0x000000002000008c                joystickHome1
 .bss.joystickHome2
                0x0000000020000094        0x8 Core/Src/RetrogamesLib.o
                0x0000000020000094                joystickHome2
 .bss.win1      0x000000002000009c        0x1 Core/Src/Snake.o
 .bss.gameOver1
                0x000000002000009d        0x1 Core/Src/Snake.o
 .bss.win2      0x000000002000009e        0x1 Core/Src/Snake.o
 .bss.gameOver2
                0x000000002000009f        0x1 Core/Src/Snake.o
 .bss.one_player
                0x00000000200000a0        0x1 Core/Src/Snake.o
 .bss.food_state
                0x00000000200000a1        0x1 Core/Src/Snake.o
 *fill*         0x00000000200000a2        0x2 
 .bss.move      0x00000000200000a4        0x4 Core/Src/Snake.o
 .bss.snake1    0x00000000200000a8        0x8 Core/Src/Snake.o
 .bss.snake2    0x00000000200000b0        0x8 Core/Src/Snake.o
 .bss.food      0x00000000200000b8        0x8 Core/Src/Snake.o
 .bss.snake1Length
                0x00000000200000c0        0x4 Core/Src/Snake.o
 .bss.snake2Length
                0x00000000200000c4        0x4 Core/Src/Snake.o
 .bss.snake1Direction
                0x00000000200000c8        0x1 Core/Src/Snake.o
 .bss.snake2Direction
                0x00000000200000c9        0x1 Core/Src/Snake.o
 *fill*         0x00000000200000ca        0x2 
 .bss.moveInterval
                0x00000000200000cc        0x4 Core/Src/Snake.o
 .bss.gameboard
                0x00000000200000d0      0x240 Core/Src/Snake.o
 .bss.spidata   0x0000000020000310       0x10 Core/Src/max7219.o
                0x0000000020000310                spidata
 .bss.heap_end.5149
                0x0000000020000320        0x4 Core/Src/sysmem.o
 .bss.__malloc_free_list
                0x0000000020000324        0x4 d:/st/stm32cubeide_1.1.0/stm32cubeide/plugins/com.st.stm32cube.ide.mcu.externaltools.gnu-tools-for-stm32.7-2018-q2-update.win32_1.0.0.201904181610/tools/bin/../lib/gcc/arm-none-eabi/7.3.1/../../../../arm-none-eabi/lib/thumb/v7-m\libc_nano.a(lib_a-nano-mallocr.o)
                0x0000000020000324                __malloc_free_list
 .bss.__malloc_sbrk_start
                0x0000000020000328        0x4 d:/st/stm32cubeide_1.1.0/stm32cubeide/plugins/com.st.stm32cube.ide.mcu.externaltools.gnu-tools-for-stm32.7-2018-q2-update.win32_1.0.0.201904181610/tools/bin/../lib/gcc/arm-none-eabi/7.3.1/../../../../arm-none-eabi/lib/thumb/v7-m\libc_nano.a(lib_a-nano-mallocr.o)
                0x0000000020000328                __malloc_sbrk_start
 *(COMMON)
 COMMON         0x000000002000032c        0x4 Core/Src/Snake.o
                0x000000002000032c                time
 COMMON         0x0000000020000330       0x60 Core/Src/adc.o
                0x0000000020000330                hadc2
                0x0000000020000360                hadc1
 COMMON         0x0000000020000390       0x44 Core/Src/max7219.o
                0x0000000020000390                maxDevices
                0x0000000020000394                status
 COMMON         0x00000000200003d4       0x58 Core/Src/spi.o
                0x00000000200003d4                hspi1
 COMMON         0x000000002000042c        0x4 Drivers/STM32F1xx_HAL_Driver/Src/stm32f1xx_hal.o
                0x000000002000042c                uwTick
 COMMON         0x0000000020000430        0x4 d:/st/stm32cubeide_1.1.0/stm32cubeide/plugins/com.st.stm32cube.ide.mcu.externaltools.gnu-tools-for-stm32.7-2018-q2-update.win32_1.0.0.201904181610/tools/bin/../lib/gcc/arm-none-eabi/7.3.1/../../../../arm-none-eabi/lib/thumb/v7-m\libc_nano.a(lib_a-reent.o)
                0x0000000020000430                errno
                0x0000000020000434                . = ALIGN (0x4)
                0x0000000020000434                _ebss = .
                0x0000000020000434                __bss_end__ = _ebss

._user_heap_stack
                0x0000000020000434      0x604 load address 0x0000000008004958
                0x0000000020000438                . = ALIGN (0x8)
 *fill*         0x0000000020000434        0x4 
                0x0000000020000438                PROVIDE (end = .)
                [!provide]                        PROVIDE (_end = .)
                0x0000000020000638                . = (. + _Min_Heap_Size)
 *fill*         0x0000000020000438      0x200 
                0x0000000020000a38                . = (. + _Min_Stack_Size)
 *fill*         0x0000000020000638      0x400 
                0x0000000020000a38                . = ALIGN (0x8)

/DISCARD/
 libc.a(*)
 libm.a(*)
 libgcc.a(*)

.ARM.attributes
                0x0000000000000000       0x29
 *(.ARM.attributes)
 .ARM.attributes
                0x0000000000000000       0x1d d:/st/stm32cubeide_1.1.0/stm32cubeide/plugins/com.st.stm32cube.ide.mcu.externaltools.gnu-tools-for-stm32.7-2018-q2-update.win32_1.0.0.201904181610/tools/bin/../lib/gcc/arm-none-eabi/7.3.1/thumb/v7-m/crti.o
 .ARM.attributes
                0x000000000000001d       0x2d d:/st/stm32cubeide_1.1.0/stm32cubeide/plugins/com.st.stm32cube.ide.mcu.externaltools.gnu-tools-for-stm32.7-2018-q2-update.win32_1.0.0.201904181610/tools/bin/../lib/gcc/arm-none-eabi/7.3.1/thumb/v7-m/crtbegin.o
 .ARM.attributes
                0x000000000000004a       0x33 Core/Src/RetrogamesLib.o
 .ARM.attributes
                0x000000000000007d       0x33 Core/Src/Snake.o
 .ARM.attributes
                0x00000000000000b0       0x33 Core/Src/adc.o
 .ARM.attributes
                0x00000000000000e3       0x33 Core/Src/gpio.o
 .ARM.attributes
                0x0000000000000116       0x33 Core/Src/main.o
 .ARM.attributes
                0x0000000000000149       0x33 Core/Src/max7219.o
 .ARM.attributes
                0x000000000000017c       0x33 Core/Src/spi.o
 .ARM.attributes
                0x00000000000001af       0x33 Core/Src/stm32f1xx_hal_msp.o
 .ARM.attributes
                0x00000000000001e2       0x33 Core/Src/stm32f1xx_it.o
 .ARM.attributes
                0x0000000000000215       0x33 Core/Src/sysmem.o
 .ARM.attributes
                0x0000000000000248       0x33 Core/Src/system_stm32f1xx.o
 .ARM.attributes
                0x000000000000027b       0x21 Core/Startup/startup_stm32f103c8tx.o
 .ARM.attributes
                0x000000000000029c       0x33 Drivers/STM32F1xx_HAL_Driver/Src/stm32f1xx_hal.o
 .ARM.attributes
                0x00000000000002cf       0x33 Drivers/STM32F1xx_HAL_Driver/Src/stm32f1xx_hal_adc.o
 .ARM.attributes
                0x0000000000000302       0x33 Drivers/STM32F1xx_HAL_Driver/Src/stm32f1xx_hal_adc_ex.o
 .ARM.attributes
                0x0000000000000335       0x33 Drivers/STM32F1xx_HAL_Driver/Src/stm32f1xx_hal_cortex.o
 .ARM.attributes
                0x0000000000000368       0x33 Drivers/STM32F1xx_HAL_Driver/Src/stm32f1xx_hal_gpio.o
 .ARM.attributes
                0x000000000000039b       0x33 Drivers/STM32F1xx_HAL_Driver/Src/stm32f1xx_hal_rcc.o
 .ARM.attributes
                0x00000000000003ce       0x33 Drivers/STM32F1xx_HAL_Driver/Src/stm32f1xx_hal_rcc_ex.o
 .ARM.attributes
                0x0000000000000401       0x33 Drivers/STM32F1xx_HAL_Driver/Src/stm32f1xx_hal_spi.o
 .ARM.attributes
                0x0000000000000434       0x2d d:/st/stm32cubeide_1.1.0/stm32cubeide/plugins/com.st.stm32cube.ide.mcu.externaltools.gnu-tools-for-stm32.7-2018-q2-update.win32_1.0.0.201904181610/tools/bin/../lib/gcc/arm-none-eabi/7.3.1/../../../../arm-none-eabi/lib/thumb/v7-m\libc_nano.a(lib_a-errno.o)
 .ARM.attributes
                0x0000000000000461       0x2d d:/st/stm32cubeide_1.1.0/stm32cubeide/plugins/com.st.stm32cube.ide.mcu.externaltools.gnu-tools-for-stm32.7-2018-q2-update.win32_1.0.0.201904181610/tools/bin/../lib/gcc/arm-none-eabi/7.3.1/../../../../arm-none-eabi/lib/thumb/v7-m\libc_nano.a(lib_a-impure.o)
 .ARM.attributes
                0x000000000000048e       0x2d d:/st/stm32cubeide_1.1.0/stm32cubeide/plugins/com.st.stm32cube.ide.mcu.externaltools.gnu-tools-for-stm32.7-2018-q2-update.win32_1.0.0.201904181610/tools/bin/../lib/gcc/arm-none-eabi/7.3.1/../../../../arm-none-eabi/lib/thumb/v7-m\libc_nano.a(lib_a-init.o)
 .ARM.attributes
                0x00000000000004bb       0x2d d:/st/stm32cubeide_1.1.0/stm32cubeide/plugins/com.st.stm32cube.ide.mcu.externaltools.gnu-tools-for-stm32.7-2018-q2-update.win32_1.0.0.201904181610/tools/bin/../lib/gcc/arm-none-eabi/7.3.1/../../../../arm-none-eabi/lib/thumb/v7-m\libc_nano.a(lib_a-memset.o)
 .ARM.attributes
                0x00000000000004e8       0x2d d:/st/stm32cubeide_1.1.0/stm32cubeide/plugins/com.st.stm32cube.ide.mcu.externaltools.gnu-tools-for-stm32.7-2018-q2-update.win32_1.0.0.201904181610/tools/bin/../lib/gcc/arm-none-eabi/7.3.1/../../../../arm-none-eabi/lib/thumb/v7-m\libc_nano.a(lib_a-rand.o)
 .ARM.attributes
                0x0000000000000515       0x2d d:/st/stm32cubeide_1.1.0/stm32cubeide/plugins/com.st.stm32cube.ide.mcu.externaltools.gnu-tools-for-stm32.7-2018-q2-update.win32_1.0.0.201904181610/tools/bin/../lib/gcc/arm-none-eabi/7.3.1/../../../../arm-none-eabi/lib/thumb/v7-m\libc_nano.a(lib_a-malloc.o)
 .ARM.attributes
                0x0000000000000542       0x2d d:/st/stm32cubeide_1.1.0/stm32cubeide/plugins/com.st.stm32cube.ide.mcu.externaltools.gnu-tools-for-stm32.7-2018-q2-update.win32_1.0.0.201904181610/tools/bin/../lib/gcc/arm-none-eabi/7.3.1/../../../../arm-none-eabi/lib/thumb/v7-m\libc_nano.a(lib_a-nano-mallocr.o)
 .ARM.attributes
                0x000000000000056f       0x2d d:/st/stm32cubeide_1.1.0/stm32cubeide/plugins/com.st.stm32cube.ide.mcu.externaltools.gnu-tools-for-stm32.7-2018-q2-update.win32_1.0.0.201904181610/tools/bin/../lib/gcc/arm-none-eabi/7.3.1/../../../../arm-none-eabi/lib/thumb/v7-m\libc_nano.a(lib_a-sbrkr.o)
 .ARM.attributes
                0x000000000000059c       0x2d d:/st/stm32cubeide_1.1.0/stm32cubeide/plugins/com.st.stm32cube.ide.mcu.externaltools.gnu-tools-for-stm32.7-2018-q2-update.win32_1.0.0.201904181610/tools/bin/../lib/gcc/arm-none-eabi/7.3.1/../../../../arm-none-eabi/lib/thumb/v7-m\libc_nano.a(lib_a-mlock.o)
 .ARM.attributes
                0x00000000000005c9       0x2d d:/st/stm32cubeide_1.1.0/stm32cubeide/plugins/com.st.stm32cube.ide.mcu.externaltools.gnu-tools-for-stm32.7-2018-q2-update.win32_1.0.0.201904181610/tools/bin/../lib/gcc/arm-none-eabi/7.3.1/../../../../arm-none-eabi/lib/thumb/v7-m\libc_nano.a(lib_a-reent.o)
 .ARM.attributes
                0x00000000000005f6       0x1d d:/st/stm32cubeide_1.1.0/stm32cubeide/plugins/com.st.stm32cube.ide.mcu.externaltools.gnu-tools-for-stm32.7-2018-q2-update.win32_1.0.0.201904181610/tools/bin/../lib/gcc/arm-none-eabi/7.3.1/thumb/v7-m/crtn.o
OUTPUT(RGC.elf elf32-littlearm)

.debug_info     0x0000000000000000     0xf8fd
 .debug_info    0x0000000000000000     0x120f Core/Src/RetrogamesLib.o
 .debug_info    0x000000000000120f     0x119f Core/Src/Snake.o
 .debug_info    0x00000000000023ae     0x11ce Core/Src/adc.o
 .debug_info    0x000000000000357c      0xf8e Core/Src/gpio.o
 .debug_info    0x000000000000450a     0x11fd Core/Src/main.o
 .debug_info    0x0000000000005707     0x1461 Core/Src/max7219.o
 .debug_info    0x0000000000006b68     0x1239 Core/Src/spi.o
 .debug_info    0x0000000000007da1      0xf07 Core/Src/stm32f1xx_hal_msp.o
 .debug_info    0x0000000000008ca8      0xe4c Core/Src/stm32f1xx_it.o
 .debug_info    0x0000000000009af4      0x91c Core/Src/sysmem.o
 .debug_info    0x000000000000a410      0x433 Core/Src/system_stm32f1xx.o
 .debug_info    0x000000000000a843       0x22 Core/Startup/startup_stm32f103c8tx.o
 .debug_info    0x000000000000a865      0x6fe Drivers/STM32F1xx_HAL_Driver/Src/stm32f1xx_hal.o
 .debug_info    0x000000000000af63      0xc61 Drivers/STM32F1xx_HAL_Driver/Src/stm32f1xx_hal_adc.o
 .debug_info    0x000000000000bbc4      0x9fb Drivers/STM32F1xx_HAL_Driver/Src/stm32f1xx_hal_adc_ex.o
 .debug_info    0x000000000000c5bf      0xb46 Drivers/STM32F1xx_HAL_Driver/Src/stm32f1xx_hal_cortex.o
 .debug_info    0x000000000000d105      0x681 Drivers/STM32F1xx_HAL_Driver/Src/stm32f1xx_hal_gpio.o
 .debug_info    0x000000000000d786      0x804 Drivers/STM32F1xx_HAL_Driver/Src/stm32f1xx_hal_rcc.o
 .debug_info    0x000000000000df8a      0x439 Drivers/STM32F1xx_HAL_Driver/Src/stm32f1xx_hal_rcc_ex.o
 .debug_info    0x000000000000e3c3     0x153a Drivers/STM32F1xx_HAL_Driver/Src/stm32f1xx_hal_spi.o

.debug_abbrev   0x0000000000000000     0x25ce
 .debug_abbrev  0x0000000000000000      0x27f Core/Src/RetrogamesLib.o
 .debug_abbrev  0x000000000000027f      0x292 Core/Src/Snake.o
 .debug_abbrev  0x0000000000000511      0x204 Core/Src/adc.o
 .debug_abbrev  0x0000000000000715      0x1c5 Core/Src/gpio.o
 .debug_abbrev  0x00000000000008da      0x1fb Core/Src/main.o
 .debug_abbrev  0x0000000000000ad5      0x24f Core/Src/max7219.o
 .debug_abbrev  0x0000000000000d24      0x1fb Core/Src/spi.o
 .debug_abbrev  0x0000000000000f1f      0x1c5 Core/Src/stm32f1xx_hal_msp.o
 .debug_abbrev  0x00000000000010e4      0x1ba Core/Src/stm32f1xx_it.o
 .debug_abbrev  0x000000000000129e      0x1bb Core/Src/sysmem.o
 .debug_abbrev  0x0000000000001459      0x134 Core/Src/system_stm32f1xx.o
 .debug_abbrev  0x000000000000158d       0x12 Core/Startup/startup_stm32f103c8tx.o
 .debug_abbrev  0x000000000000159f      0x1d8 Drivers/STM32F1xx_HAL_Driver/Src/stm32f1xx_hal.o
 .debug_abbrev  0x0000000000001777      0x1d5 Drivers/STM32F1xx_HAL_Driver/Src/stm32f1xx_hal_adc.o
 .debug_abbrev  0x000000000000194c      0x1f5 Drivers/STM32F1xx_HAL_Driver/Src/stm32f1xx_hal_adc_ex.o
 .debug_abbrev  0x0000000000001b41      0x2d5 Drivers/STM32F1xx_HAL_Driver/Src/stm32f1xx_hal_cortex.o
 .debug_abbrev  0x0000000000001e16      0x1c0 Drivers/STM32F1xx_HAL_Driver/Src/stm32f1xx_hal_gpio.o
 .debug_abbrev  0x0000000000001fd6      0x243 Drivers/STM32F1xx_HAL_Driver/Src/stm32f1xx_hal_rcc.o
 .debug_abbrev  0x0000000000002219      0x175 Drivers/STM32F1xx_HAL_Driver/Src/stm32f1xx_hal_rcc_ex.o
 .debug_abbrev  0x000000000000238e      0x240 Drivers/STM32F1xx_HAL_Driver/Src/stm32f1xx_hal_spi.o

.debug_aranges  0x0000000000000000      0x918
 .debug_aranges
                0x0000000000000000       0x58 Core/Src/RetrogamesLib.o
 .debug_aranges
                0x0000000000000058       0x68 Core/Src/Snake.o
 .debug_aranges
                0x00000000000000c0       0x38 Core/Src/adc.o
 .debug_aranges
                0x00000000000000f8       0x20 Core/Src/gpio.o
 .debug_aranges
                0x0000000000000118       0x30 Core/Src/main.o
 .debug_aranges
                0x0000000000000148       0x70 Core/Src/max7219.o
 .debug_aranges
                0x00000000000001b8       0x30 Core/Src/spi.o
 .debug_aranges
                0x00000000000001e8       0x20 Core/Src/stm32f1xx_hal_msp.o
 .debug_aranges
                0x0000000000000208       0x68 Core/Src/stm32f1xx_it.o
 .debug_aranges
                0x0000000000000270       0x20 Core/Src/sysmem.o
 .debug_aranges
                0x0000000000000290       0x28 Core/Src/system_stm32f1xx.o
 .debug_aranges
                0x00000000000002b8       0x28 Core/Startup/startup_stm32f103c8tx.o
 .debug_aranges
                0x00000000000002e0       0xe0 Drivers/STM32F1xx_HAL_Driver/Src/stm32f1xx_hal.o
 .debug_aranges
                0x00000000000003c0       0xf0 Drivers/STM32F1xx_HAL_Driver/Src/stm32f1xx_hal_adc.o
 .debug_aranges
                0x00000000000004b0       0x80 Drivers/STM32F1xx_HAL_Driver/Src/stm32f1xx_hal_adc_ex.o
 .debug_aranges
                0x0000000000000530      0x100 Drivers/STM32F1xx_HAL_Driver/Src/stm32f1xx_hal_cortex.o
 .debug_aranges
                0x0000000000000630       0x58 Drivers/STM32F1xx_HAL_Driver/Src/stm32f1xx_hal_gpio.o
 .debug_aranges
                0x0000000000000688       0x90 Drivers/STM32F1xx_HAL_Driver/Src/stm32f1xx_hal_rcc.o
 .debug_aranges
                0x0000000000000718       0x30 Drivers/STM32F1xx_HAL_Driver/Src/stm32f1xx_hal_rcc_ex.o
 .debug_aranges
                0x0000000000000748      0x1d0 Drivers/STM32F1xx_HAL_Driver/Src/stm32f1xx_hal_spi.o

.debug_ranges   0x0000000000000000      0x7e0
 .debug_ranges  0x0000000000000000       0x48 Core/Src/RetrogamesLib.o
 .debug_ranges  0x0000000000000048       0x58 Core/Src/Snake.o
 .debug_ranges  0x00000000000000a0       0x28 Core/Src/adc.o
 .debug_ranges  0x00000000000000c8       0x10 Core/Src/gpio.o
 .debug_ranges  0x00000000000000d8       0x20 Core/Src/main.o
 .debug_ranges  0x00000000000000f8       0x60 Core/Src/max7219.o
 .debug_ranges  0x0000000000000158       0x20 Core/Src/spi.o
 .debug_ranges  0x0000000000000178       0x10 Core/Src/stm32f1xx_hal_msp.o
 .debug_ranges  0x0000000000000188       0x58 Core/Src/stm32f1xx_it.o
 .debug_ranges  0x00000000000001e0       0x10 Core/Src/sysmem.o
 .debug_ranges  0x00000000000001f0       0x18 Core/Src/system_stm32f1xx.o
 .debug_ranges  0x0000000000000208       0x20 Core/Startup/startup_stm32f103c8tx.o
 .debug_ranges  0x0000000000000228       0xd0 Drivers/STM32F1xx_HAL_Driver/Src/stm32f1xx_hal.o
 .debug_ranges  0x00000000000002f8       0xe0 Drivers/STM32F1xx_HAL_Driver/Src/stm32f1xx_hal_adc.o
 .debug_ranges  0x00000000000003d8       0x70 Drivers/STM32F1xx_HAL_Driver/Src/stm32f1xx_hal_adc_ex.o
 .debug_ranges  0x0000000000000448       0xf0 Drivers/STM32F1xx_HAL_Driver/Src/stm32f1xx_hal_cortex.o
 .debug_ranges  0x0000000000000538       0x48 Drivers/STM32F1xx_HAL_Driver/Src/stm32f1xx_hal_gpio.o
 .debug_ranges  0x0000000000000580       0x80 Drivers/STM32F1xx_HAL_Driver/Src/stm32f1xx_hal_rcc.o
 .debug_ranges  0x0000000000000600       0x20 Drivers/STM32F1xx_HAL_Driver/Src/stm32f1xx_hal_rcc_ex.o
 .debug_ranges  0x0000000000000620      0x1c0 Drivers/STM32F1xx_HAL_Driver/Src/stm32f1xx_hal_spi.o

.debug_macro    0x0000000000000000    0x15471
 .debug_macro   0x0000000000000000      0x2e0 Core/Src/RetrogamesLib.o
 .debug_macro   0x00000000000002e0      0xa5a Core/Src/RetrogamesLib.o
 .debug_macro   0x0000000000000d3a       0x1c Core/Src/RetrogamesLib.o
 .debug_macro   0x0000000000000d56      0x21b Core/Src/RetrogamesLib.o
 .debug_macro   0x0000000000000f71       0x2e Core/Src/RetrogamesLib.o
 .debug_macro   0x0000000000000f9f       0x22 Core/Src/RetrogamesLib.o
 .debug_macro   0x0000000000000fc1       0x22 Core/Src/RetrogamesLib.o
 .debug_macro   0x0000000000000fe3       0x8e Core/Src/RetrogamesLib.o
 .debug_macro   0x0000000000001071       0x51 Core/Src/RetrogamesLib.o
 .debug_macro   0x00000000000010c2       0xef Core/Src/RetrogamesLib.o
 .debug_macro   0x00000000000011b1       0x6a Core/Src/RetrogamesLib.o
 .debug_macro   0x000000000000121b      0x1df Core/Src/RetrogamesLib.o
 .debug_macro   0x00000000000013fa       0x1c Core/Src/RetrogamesLib.o
 .debug_macro   0x0000000000001416       0x22 Core/Src/RetrogamesLib.o
 .debug_macro   0x0000000000001438       0xc3 Core/Src/RetrogamesLib.o
 .debug_macro   0x00000000000014fb      0xd23 Core/Src/RetrogamesLib.o
 .debug_macro   0x000000000000221e     0xe09e Core/Src/RetrogamesLib.o
 .debug_macro   0x00000000000102bc       0x43 Core/Src/RetrogamesLib.o
 .debug_macro   0x00000000000102ff      0x174 Core/Src/RetrogamesLib.o
 .debug_macro   0x0000000000010473       0x5a Core/Src/RetrogamesLib.o
 .debug_macro   0x00000000000104cd      0x5be Core/Src/RetrogamesLib.o
 .debug_macro   0x0000000000010a8b      0x289 Core/Src/RetrogamesLib.o
 .debug_macro   0x0000000000010d14      0x1cb Core/Src/RetrogamesLib.o
 .debug_macro   0x0000000000010edf      0x114 Core/Src/RetrogamesLib.o
 .debug_macro   0x0000000000010ff3      0x1b2 Core/Src/RetrogamesLib.o
 .debug_macro   0x00000000000111a5       0x27 Core/Src/RetrogamesLib.o
 .debug_macro   0x00000000000111cc      0x136 Core/Src/RetrogamesLib.o
 .debug_macro   0x0000000000011302      0x1bc Core/Src/RetrogamesLib.o
 .debug_macro   0x00000000000114be       0x34 Core/Src/RetrogamesLib.o
 .debug_macro   0x00000000000114f2       0x3c Core/Src/RetrogamesLib.o
 .debug_macro   0x000000000001152e       0x57 Core/Src/RetrogamesLib.o
 .debug_macro   0x0000000000011585      0x46a Core/Src/RetrogamesLib.o
 .debug_macro   0x00000000000119ef      0x1b5 Core/Src/RetrogamesLib.o
 .debug_macro   0x0000000000011ba4       0x88 Core/Src/RetrogamesLib.o
 .debug_macro   0x0000000000011c2c      0x241 Core/Src/RetrogamesLib.o
 .debug_macro   0x0000000000011e6d      0x141 Core/Src/RetrogamesLib.o
 .debug_macro   0x0000000000011fae      0x217 Core/Src/RetrogamesLib.o
 .debug_macro   0x00000000000121c5       0x83 Core/Src/RetrogamesLib.o
 .debug_macro   0x0000000000012248       0x22 Core/Src/RetrogamesLib.o
 .debug_macro   0x000000000001226a       0x1c Core/Src/RetrogamesLib.o
 .debug_macro   0x0000000000012286       0x46 Core/Src/RetrogamesLib.o
 .debug_macro   0x00000000000122cc       0x18 Core/Src/RetrogamesLib.o
 .debug_macro   0x00000000000122e4       0x3c Core/Src/RetrogamesLib.o
 .debug_macro   0x0000000000012320       0x34 Core/Src/RetrogamesLib.o
 .debug_macro   0x0000000000012354       0x52 Core/Src/RetrogamesLib.o
 .debug_macro   0x00000000000123a6       0x1f Core/Src/RetrogamesLib.o
 .debug_macro   0x00000000000123c5       0x43 Core/Src/RetrogamesLib.o
 .debug_macro   0x0000000000012408       0x20 Core/Src/RetrogamesLib.o
 .debug_macro   0x0000000000012428      0x1a3 Core/Src/RetrogamesLib.o
 .debug_macro   0x00000000000125cb      0x32a Core/Src/RetrogamesLib.o
 .debug_macro   0x00000000000128f5       0x10 Core/Src/RetrogamesLib.o
 .debug_macro   0x0000000000012905       0x35 Core/Src/RetrogamesLib.o
 .debug_macro   0x000000000001293a       0x20 Core/Src/RetrogamesLib.o
 .debug_macro   0x000000000001295a       0x16 Core/Src/RetrogamesLib.o
 .debug_macro   0x0000000000012970       0x16 Core/Src/RetrogamesLib.o
 .debug_macro   0x0000000000012986       0x29 Core/Src/RetrogamesLib.o
 .debug_macro   0x00000000000129af       0x40 Core/Src/RetrogamesLib.o
 .debug_macro   0x00000000000129ef      0x2de Core/Src/Snake.o
 .debug_macro   0x0000000000012ccd      0x2d6 Core/Src/adc.o
 .debug_macro   0x0000000000012fa3       0x22 Core/Src/adc.o
 .debug_macro   0x0000000000012fc5      0x2d6 Core/Src/gpio.o
 .debug_macro   0x000000000001329b      0x2ea Core/Src/main.o
 .debug_macro   0x0000000000013585      0x336 Core/Src/max7219.o
 .debug_macro   0x00000000000138bb      0x2d6 Core/Src/spi.o
 .debug_macro   0x0000000000013b91      0x2cc Core/Src/stm32f1xx_hal_msp.o
 .debug_macro   0x0000000000013e5d      0x2d6 Core/Src/stm32f1xx_it.o
 .debug_macro   0x0000000000014133      0x1ae Core/Src/sysmem.o
 .debug_macro   0x00000000000142e1      0x23b Core/Src/sysmem.o
 .debug_macro   0x000000000001451c       0x16 Core/Src/sysmem.o
 .debug_macro   0x0000000000014532      0x19f Core/Src/system_stm32f1xx.o
 .debug_macro   0x00000000000146d1      0x1bd Drivers/STM32F1xx_HAL_Driver/Src/stm32f1xx_hal.o
 .debug_macro   0x000000000001488e      0x1b6 Drivers/STM32F1xx_HAL_Driver/Src/stm32f1xx_hal_adc.o
 .debug_macro   0x0000000000014a44      0x1ab Drivers/STM32F1xx_HAL_Driver/Src/stm32f1xx_hal_adc_ex.o
 .debug_macro   0x0000000000014bef      0x199 Drivers/STM32F1xx_HAL_Driver/Src/stm32f1xx_hal_cortex.o
 .debug_macro   0x0000000000014d88      0x204 Drivers/STM32F1xx_HAL_Driver/Src/stm32f1xx_hal_gpio.o
 .debug_macro   0x0000000000014f8c      0x1ab Drivers/STM32F1xx_HAL_Driver/Src/stm32f1xx_hal_rcc.o
 .debug_macro   0x0000000000015137      0x199 Drivers/STM32F1xx_HAL_Driver/Src/stm32f1xx_hal_rcc_ex.o
 .debug_macro   0x00000000000152d0      0x1a1 Drivers/STM32F1xx_HAL_Driver/Src/stm32f1xx_hal_spi.o

.debug_line     0x0000000000000000     0xaa4a
 .debug_line    0x0000000000000000      0xa5f Core/Src/RetrogamesLib.o
 .debug_line    0x0000000000000a5f      0xb0b Core/Src/Snake.o
 .debug_line    0x000000000000156a      0x850 Core/Src/adc.o
 .debug_line    0x0000000000001dba      0x7ed Core/Src/gpio.o
 .debug_line    0x00000000000025a7      0x83d Core/Src/main.o
 .debug_line    0x0000000000002de4      0x9e4 Core/Src/max7219.o
 .debug_line    0x00000000000037c8      0x817 Core/Src/spi.o
 .debug_line    0x0000000000003fdf      0x7e6 Core/Src/stm32f1xx_hal_msp.o
 .debug_line    0x00000000000047c5      0x89c Core/Src/stm32f1xx_it.o
 .debug_line    0x0000000000005061      0x55e Core/Src/sysmem.o
 .debug_line    0x00000000000055bf      0x666 Core/Src/system_stm32f1xx.o
 .debug_line    0x0000000000005c25       0x84 Core/Startup/startup_stm32f103c8tx.o
 .debug_line    0x0000000000005ca9      0x80e Drivers/STM32F1xx_HAL_Driver/Src/stm32f1xx_hal.o
 .debug_line    0x00000000000064b7      0xb60 Drivers/STM32F1xx_HAL_Driver/Src/stm32f1xx_hal_adc.o
 .debug_line    0x0000000000007017      0x9a4 Drivers/STM32F1xx_HAL_Driver/Src/stm32f1xx_hal_adc_ex.o
 .debug_line    0x00000000000079bb      0x8e7 Drivers/STM32F1xx_HAL_Driver/Src/stm32f1xx_hal_cortex.o
 .debug_line    0x00000000000082a2      0x80e Drivers/STM32F1xx_HAL_Driver/Src/stm32f1xx_hal_gpio.o
 .debug_line    0x0000000000008ab0      0x8d0 Drivers/STM32F1xx_HAL_Driver/Src/stm32f1xx_hal_rcc.o
 .debug_line    0x0000000000009380      0x6ee Drivers/STM32F1xx_HAL_Driver/Src/stm32f1xx_hal_rcc_ex.o
 .debug_line    0x0000000000009a6e      0xfdc Drivers/STM32F1xx_HAL_Driver/Src/stm32f1xx_hal_spi.o

.debug_str      0x0000000000000000    0x6f93b
 .debug_str     0x0000000000000000    0x6bcec Core/Src/RetrogamesLib.o
                                      0x6c0ab (size before relaxing)
 .debug_str     0x000000000006bcec      0x18a Core/Src/Snake.o
                                      0x6c117 (size before relaxing)
 .debug_str     0x000000000006be76      0x399 Core/Src/adc.o
                                      0x6c387 (size before relaxing)
 .debug_str     0x000000000006c20f       0x46 Core/Src/gpio.o
                                      0x6c038 (size before relaxing)
 .debug_str     0x000000000006c255      0x382 Core/Src/main.o
                                      0x6c34d (size before relaxing)
 .debug_str     0x000000000006c5d7      0x21e Core/Src/max7219.o
                                      0x6c3c5 (size before relaxing)
 .debug_str     0x000000000006c7f5       0x4b Core/Src/spi.o
                                      0x6c248 (size before relaxing)
 .debug_str     0x000000000006c840       0x5a Core/Src/stm32f1xx_hal_msp.o
                                      0x6bff5 (size before relaxing)
 .debug_str     0x000000000006c89a       0xbd Core/Src/stm32f1xx_it.o
                                      0x6c024 (size before relaxing)
 .debug_str     0x000000000006c957     0x1695 Core/Src/sysmem.o
                                       0x7ac5 (size before relaxing)
 .debug_str     0x000000000006dfec       0xc2 Core/Src/system_stm32f1xx.o
                                      0x68b62 (size before relaxing)
 .debug_str     0x000000000006e0ae       0x36 Core/Startup/startup_stm32f103c8tx.o
                                         0x6a (size before relaxing)
 .debug_str     0x000000000006e0e4      0x3c5 Drivers/STM32F1xx_HAL_Driver/Src/stm32f1xx_hal.o
                                      0x69173 (size before relaxing)
 .debug_str     0x000000000006e4a9      0x361 Drivers/STM32F1xx_HAL_Driver/Src/stm32f1xx_hal_adc.o
                                      0x69178 (size before relaxing)
 .debug_str     0x000000000006e80a      0x2fb Drivers/STM32F1xx_HAL_Driver/Src/stm32f1xx_hal_adc_ex.o
                                      0x6912d (size before relaxing)
 .debug_str     0x000000000006eb05      0x2c8 Drivers/STM32F1xx_HAL_Driver/Src/stm32f1xx_hal_cortex.o
                                      0x69181 (size before relaxing)
 .debug_str     0x000000000006edcd      0x324 Drivers/STM32F1xx_HAL_Driver/Src/stm32f1xx_hal_gpio.o
                                      0x68eac (size before relaxing)
 .debug_str     0x000000000006f0f1      0x263 Drivers/STM32F1xx_HAL_Driver/Src/stm32f1xx_hal_rcc.o
                                      0x68ee5 (size before relaxing)
 .debug_str     0x000000000006f354       0xb9 Drivers/STM32F1xx_HAL_Driver/Src/stm32f1xx_hal_rcc_ex.o
                                      0x68c72 (size before relaxing)
 .debug_str     0x000000000006f40d      0x52e Drivers/STM32F1xx_HAL_Driver/Src/stm32f1xx_hal_spi.o
                                      0x693d3 (size before relaxing)

.comment        0x0000000000000000       0x7b
 .comment       0x0000000000000000       0x7b Core/Src/RetrogamesLib.o
                                         0x7c (size before relaxing)
 .comment       0x000000000000007b       0x7c Core/Src/Snake.o
 .comment       0x000000000000007b       0x7c Core/Src/adc.o
 .comment       0x000000000000007b       0x7c Core/Src/gpio.o
 .comment       0x000000000000007b       0x7c Core/Src/main.o
 .comment       0x000000000000007b       0x7c Core/Src/max7219.o
 .comment       0x000000000000007b       0x7c Core/Src/spi.o
 .comment       0x000000000000007b       0x7c Core/Src/stm32f1xx_hal_msp.o
 .comment       0x000000000000007b       0x7c Core/Src/stm32f1xx_it.o
 .comment       0x000000000000007b       0x7c Core/Src/sysmem.o
 .comment       0x000000000000007b       0x7c Core/Src/system_stm32f1xx.o
 .comment       0x000000000000007b       0x7c Drivers/STM32F1xx_HAL_Driver/Src/stm32f1xx_hal.o
 .comment       0x000000000000007b       0x7c Drivers/STM32F1xx_HAL_Driver/Src/stm32f1xx_hal_adc.o
 .comment       0x000000000000007b       0x7c Drivers/STM32F1xx_HAL_Driver/Src/stm32f1xx_hal_adc_ex.o
 .comment       0x000000000000007b       0x7c Drivers/STM32F1xx_HAL_Driver/Src/stm32f1xx_hal_cortex.o
 .comment       0x000000000000007b       0x7c Drivers/STM32F1xx_HAL_Driver/Src/stm32f1xx_hal_gpio.o
 .comment       0x000000000000007b       0x7c Drivers/STM32F1xx_HAL_Driver/Src/stm32f1xx_hal_rcc.o
 .comment       0x000000000000007b       0x7c Drivers/STM32F1xx_HAL_Driver/Src/stm32f1xx_hal_rcc_ex.o
 .comment       0x000000000000007b       0x7c Drivers/STM32F1xx_HAL_Driver/Src/stm32f1xx_hal_spi.o

.debug_frame    0x0000000000000000     0x231c
 .debug_frame   0x0000000000000000      0x134 Core/Src/RetrogamesLib.o
 .debug_frame   0x0000000000000134      0x160 Core/Src/Snake.o
 .debug_frame   0x0000000000000294       0xa0 Core/Src/adc.o
 .debug_frame   0x0000000000000334       0x34 Core/Src/gpio.o
 .debug_frame   0x0000000000000368       0x70 Core/Src/main.o
 .debug_frame   0x00000000000003d8      0x1a0 Core/Src/max7219.o
 .debug_frame   0x0000000000000578       0x74 Core/Src/spi.o
 .debug_frame   0x00000000000005ec       0x38 Core/Src/stm32f1xx_hal_msp.o
 .debug_frame   0x0000000000000624      0x128 Core/Src/stm32f1xx_it.o
 .debug_frame   0x000000000000074c       0x34 Core/Src/sysmem.o
 .debug_frame   0x0000000000000780       0x58 Core/Src/system_stm32f1xx.o
 .debug_frame   0x00000000000007d8      0x334 Drivers/STM32F1xx_HAL_Driver/Src/stm32f1xx_hal.o
 .debug_frame   0x0000000000000b0c      0x40c Drivers/STM32F1xx_HAL_Driver/Src/stm32f1xx_hal_adc.o
 .debug_frame   0x0000000000000f18      0x204 Drivers/STM32F1xx_HAL_Driver/Src/stm32f1xx_hal_adc_ex.o
 .debug_frame   0x000000000000111c      0x428 Drivers/STM32F1xx_HAL_Driver/Src/stm32f1xx_hal_cortex.o
 .debug_frame   0x0000000000001544      0x14c Drivers/STM32F1xx_HAL_Driver/Src/stm32f1xx_hal_gpio.o
 .debug_frame   0x0000000000001690      0x21c Drivers/STM32F1xx_HAL_Driver/Src/stm32f1xx_hal_rcc.o
 .debug_frame   0x00000000000018ac       0x84 Drivers/STM32F1xx_HAL_Driver/Src/stm32f1xx_hal_rcc_ex.o
 .debug_frame   0x0000000000001930      0x824 Drivers/STM32F1xx_HAL_Driver/Src/stm32f1xx_hal_spi.o
 .debug_frame   0x0000000000002154       0x20 d:/st/stm32cubeide_1.1.0/stm32cubeide/plugins/com.st.stm32cube.ide.mcu.externaltools.gnu-tools-for-stm32.7-2018-q2-update.win32_1.0.0.201904181610/tools/bin/../lib/gcc/arm-none-eabi/7.3.1/../../../../arm-none-eabi/lib/thumb/v7-m\libc_nano.a(lib_a-errno.o)
 .debug_frame   0x0000000000002174       0x2c d:/st/stm32cubeide_1.1.0/stm32cubeide/plugins/com.st.stm32cube.ide.mcu.externaltools.gnu-tools-for-stm32.7-2018-q2-update.win32_1.0.0.201904181610/tools/bin/../lib/gcc/arm-none-eabi/7.3.1/../../../../arm-none-eabi/lib/thumb/v7-m\libc_nano.a(lib_a-init.o)
 .debug_frame   0x00000000000021a0       0x20 d:/st/stm32cubeide_1.1.0/stm32cubeide/plugins/com.st.stm32cube.ide.mcu.externaltools.gnu-tools-for-stm32.7-2018-q2-update.win32_1.0.0.201904181610/tools/bin/../lib/gcc/arm-none-eabi/7.3.1/../../../../arm-none-eabi/lib/thumb/v7-m\libc_nano.a(lib_a-memset.o)
 .debug_frame   0x00000000000021c0       0x48 d:/st/stm32cubeide_1.1.0/stm32cubeide/plugins/com.st.stm32cube.ide.mcu.externaltools.gnu-tools-for-stm32.7-2018-q2-update.win32_1.0.0.201904181610/tools/bin/../lib/gcc/arm-none-eabi/7.3.1/../../../../arm-none-eabi/lib/thumb/v7-m\libc_nano.a(lib_a-rand.o)
 .debug_frame   0x0000000000002208       0x30 d:/st/stm32cubeide_1.1.0/stm32cubeide/plugins/com.st.stm32cube.ide.mcu.externaltools.gnu-tools-for-stm32.7-2018-q2-update.win32_1.0.0.201904181610/tools/bin/../lib/gcc/arm-none-eabi/7.3.1/../../../../arm-none-eabi/lib/thumb/v7-m\libc_nano.a(lib_a-malloc.o)
 .debug_frame   0x0000000000002238       0x2c d:/st/stm32cubeide_1.1.0/stm32cubeide/plugins/com.st.stm32cube.ide.mcu.externaltools.gnu-tools-for-stm32.7-2018-q2-update.win32_1.0.0.201904181610/tools/bin/../lib/gcc/arm-none-eabi/7.3.1/../../../../arm-none-eabi/lib/thumb/v7-m\libc_nano.a(lib_a-nano-mallocr.o)
 .debug_frame   0x0000000000002264       0x2c d:/st/stm32cubeide_1.1.0/stm32cubeide/plugins/com.st.stm32cube.ide.mcu.externaltools.gnu-tools-for-stm32.7-2018-q2-update.win32_1.0.0.201904181610/tools/bin/../lib/gcc/arm-none-eabi/7.3.1/../../../../arm-none-eabi/lib/thumb/v7-m\libc_nano.a(lib_a-sbrkr.o)
 .debug_frame   0x0000000000002290       0x30 d:/st/stm32cubeide_1.1.0/stm32cubeide/plugins/com.st.stm32cube.ide.mcu.externaltools.gnu-tools-for-stm32.7-2018-q2-update.win32_1.0.0.201904181610/tools/bin/../lib/gcc/arm-none-eabi/7.3.1/../../../../arm-none-eabi/lib/thumb/v7-m\libc_nano.a(lib_a-mlock.o)
 .debug_frame   0x00000000000022c0       0x5c d:/st/stm32cubeide_1.1.0/stm32cubeide/plugins/com.st.stm32cube.ide.mcu.externaltools.gnu-tools-for-stm32.7-2018-q2-update.win32_1.0.0.201904181610/tools/bin/../lib/gcc/arm-none-eabi/7.3.1/../../../../arm-none-eabi/lib/thumb/v7-m\libc_nano.a(lib_a-reent.o)
